// Jest Snapshot v1, https://goo.gl/fbAQLP

exports[`Render a MultiMediaSelection field 1`] = `
Array [
  <div
    class="multiItemSelectionClass"
  >
    <div
      class="header"
    >
      <button
        class="button left"
        type="button"
      >
        <span
          aria-label="su-image"
          class="su-image"
        />
      </button>
      <div
        class="label"
      >
        3 sulu_media.media_selected_plural
      </div>
    </div>
    <ul
      class="list"
    >
      <li
        class="listElement"
      >
        <div
          class="item"
        >
          <span
            class="dragHandle sortable"
          >
            <span
              aria-label="su-more"
              class="su-more"
            />
            <span
              class="index"
            >
              1
            </span>
          </span>
          <div
            class="content"
          >
            <div
              class="mediaItem"
            >
              <img
                alt="Media 1"
                class="thumbnailImage"
                src="http://lorempixel.com/25/25"
              />
              <div
                class="mediaTitle"
              >
                Media 1
              </div>
            </div>
          </div>
          <button
            class="removeButton"
            type="button"
          >
            <span
              aria-label="su-trash-alt"
              class="su-trash-alt"
            />
          </button>
        </div>
      </li>
      <li
        class="listElement"
      >
        <div
          class="item"
        >
          <span
            class="dragHandle sortable"
          >
            <span
              aria-label="su-more"
              class="su-more"
            />
            <span
              class="index"
            >
              2
            </span>
          </span>
          <div
            class="content"
          >
            <div
              class="mediaItem"
            >
              <img
                alt="Media 2"
                class="thumbnailImage"
                src="http://lorempixel.com/25/25"
              />
              <div
                class="mediaTitle"
              >
                Media 2
              </div>
            </div>
          </div>
          <button
            class="removeButton"
            type="button"
          >
            <span
              aria-label="su-trash-alt"
              class="su-trash-alt"
            />
          </button>
        </div>
      </li>
      <li
        class="listElement"
      >
        <div
          class="item"
        >
          <span
            class="dragHandle sortable"
          >
            <span
              aria-label="su-more"
              class="su-more"
            />
            <span
              class="index"
            >
              3
            </span>
          </span>
          <div
            class="content"
          >
            <div
              class="mediaItem"
            >
              <img
                alt="Media 3"
                class="thumbnailImage"
                src="http://lorempixel.com/25/25"
              />
              <div
                class="mediaTitle"
              >
                Media 3
              </div>
            </div>
          </div>
          <button
            class="removeButton"
            type="button"
          >
            <span
              aria-label="su-trash-alt"
              class="su-trash-alt"
            />
          </button>
        </div>
      </li>
    </ul>
  </div>,
  <div>
    single media selection overlay
  </div>,
]
`;
