// Jest Snapshot v1, https://goo.gl/fbAQLP

exports[`Render a label and a SingleSelect for each granted webspace that has segments 1`] = `
Array [
  <div
    class="webspaceSection"
  >
    <label
      class="label"
    >
      Webspace One - sulu_admin.segments
    </label>
    <div
      class="select"
    >
      <button
        class="displayValue default"
        type="button"
      >
        <div
          aria-label="Summer"
          class="croppedText"
          title="Summer"
        >
          <div
            aria-hidden="true"
            class="front"
          >
            Sum
          </div>
          <div
            aria-hidden="true"
            class="back"
          >
            <span>
              mer
            </span>
          </div>
          <div
            class="whole"
          >
            Summer
          </div>
        </div>
        <span
          aria-label="su-angle-down"
          class="su-angle-down toggle"
        />
      </button>
    </div>
  </div>,
  <div
    class="webspaceSection"
  >
    <label
      class="label"
    >
      Webspace Three - sulu_admin.segments
    </label>
    <div
      class="select"
    >
      <button
        class="displayValue default"
        type="button"
      >
        <div
          aria-label="sulu_admin.none_selected"
          class="croppedText"
          title="sulu_admin.none_selected"
        >
          <div
            aria-hidden="true"
            class="front"
          >
            sulu_admin.n
          </div>
          <div
            aria-hidden="true"
            class="back"
          >
            <span>
              one_selected
            </span>
          </div>
          <div
            class="whole"
          >
            sulu_admin.none_selected
          </div>
        </div>
        <span
          aria-label="su-angle-down"
          class="su-angle-down toggle"
        />
      </button>
    </div>
  </div>,
]
`;
