// Jest Snapshot v1, https://goo.gl/fbAQLP

exports[`The component should render 1`] = `
<div
  class="actions"
>
  <button
    class="button link"
    type="button"
  >
    <span
      class="buttonText"
    >
      Action 1
    </span>
  </button>
  <button
    class="button link"
    type="button"
  >
    <span
      class="buttonText"
    >
      Action 2
    </span>
  </button>
</div>
`;
